../Core/Src/main.c:75:10:count_cycles_state	16	static
../Core/Src/main.c:85:6:Read_DHT11	64	static,ignoring_inline_asm
../Core/Src/main.c:160:5:main	2032	static
../Core/Src/main.c:307:6:SystemClock_Config	88	static
../Core/Src/main.c:354:13:MX_ADC1_Init	24	static
../Core/Src/main.c:401:13:MX_TIM1_Init	32	static
../Core/Src/main.c:447:13:MX_USART1_UART_Init	8	static
../Core/Src/main.c:480:13:MX_GPIO_Init	40	static
../Core/Src/main.c:516:6:HAL_TIM_PeriodElapsedCallback	16	static
../Core/Src/main.c:530:6:Error_Handler	4	static,ignoring_inline_asm
